// Jest Snapshot v1, https://goo.gl/fbAQLP

exports[`Works when it has failing tests 1`] = `
"FAIL integrationTests/fixtures/failing/main_test.go
  âœ• /go/src/project/go-test-runner/integrationTests/fixtures/failing/main_test.go
	main_test.go:9: Got 5 expected 6
Test Suites: 1 failed, 1 total
Tests:       1 failed, 1 total
Snapshots:   0 total
Ran all test suites.
"
`;
